// Jest Snapshot v1, https://goo.gl/fbAQLP

exports[`<Todos> should match snapshot 1`] = `
<div>
  <h5
    className="MuiTypography-root MuiButtonBase-root-heading1 MuiTypography-h5 MuiTypography-gutterBottom"
  >
    Tickets List
  </h5>
  <h5
    className="MuiTypography-root MuiButtonBase-root-heading2 MuiTypography-h5 MuiTypography-gutterBottom"
  >
    Board
  </h5>
</div>
`;
